<?xml version="1.0" encoding="utf-8"?>
<?AutomationStudio Version="4.5.2.102"?>
<Objects>
  <Object
    Path="C:\Users\admin\Documents\SW\KRBO-01-20\lab1_SoftwareOFRobotics\Logical\Package.pkg"
    LogicalPath=""
    Type="Package.ParentUnknown"
    LastWriteTime="133386444371872550" />
  <Object
    Path="C:\Users\admin\Documents\SW\KRBO-01-20\lab1_SoftwareOFRobotics\Logical\Global.typ"
    LogicalPath="Global.typ"
    Type="File"
    LastWriteTime="133386433259166490"
    Private="false" />
  <Object
    Path="C:\Users\admin\Documents\SW\KRBO-01-20\lab1_SoftwareOFRobotics\Logical\Global.var"
    LogicalPath="Global.var"
    Type="File"
    LastWriteTime="133386433259322994"
    Private="false" />
  <Object
    Path="C:\Users\admin\Documents\SW\KRBO-01-20\lab1_SoftwareOFRobotics\Logical\Libraries\Package.pkg"
    LogicalPath="Libraries"
    Type="Package"
    LastWriteTime="133398504062899587" />
  <Object
    Path="C:\Users\admin\Documents\SW\KRBO-01-20\lab1_SoftwareOFRobotics\Logical\Libraries\operator\binary.lby"
    LogicalPath="Libraries.operator"
    Type="Library"
    LastWriteTime="133386433285392971" />
  <Object
    Path="C:\Users\admin\Documents\SW\KRBO-01-20\lab1_SoftwareOFRobotics\Logical\Libraries\operator\operator.fun"
    LogicalPath="Libraries.operator.operator.fun"
    Type="File"
    LastWriteTime="133386433285236762"
    Private="false" />
  <Object
    Path="C:\Users\admin\Documents\SW\KRBO-01-20\lab1_SoftwareOFRobotics\Logical\Libraries\operator\operator.typ"
    LogicalPath="Libraries.operator.operator.typ"
    Type="File"
    LastWriteTime="133386433285392971"
    Private="false" />
  <Object
    Path="C:\Users\admin\Documents\SW\KRBO-01-20\lab1_SoftwareOFRobotics\Logical\Libraries\operator\operator.var"
    LogicalPath="Libraries.operator.operator.var"
    Type="File"
    LastWriteTime="133386433285392971"
    Private="false" />
  <Object
    Path="C:\Users\admin\Documents\SW\KRBO-01-20\lab1_SoftwareOFRobotics\Logical\Libraries\runtime\binary.lby"
    LogicalPath="Libraries.runtime"
    Type="Library"
    LastWriteTime="133386433289739765" />
  <Object
    Path="C:\Users\admin\Documents\SW\KRBO-01-20\lab1_SoftwareOFRobotics\Logical\Libraries\runtime\runtime.fun"
    LogicalPath="Libraries.runtime.runtime.fun"
    Type="File"
    LastWriteTime="133386433289639738"
    Private="false" />
  <Object
    Path="C:\Users\admin\Documents\SW\KRBO-01-20\lab1_SoftwareOFRobotics\Logical\Libraries\runtime\runtime.typ"
    LogicalPath="Libraries.runtime.runtime.typ"
    Type="File"
    LastWriteTime="133386433289639738"
    Private="false" />
  <Object
    Path="C:\Users\admin\Documents\SW\KRBO-01-20\lab1_SoftwareOFRobotics\Logical\Libraries\runtime\runtime.var"
    LogicalPath="Libraries.runtime.runtime.var"
    Type="File"
    LastWriteTime="133386433289739765"
    Private="false" />
  <Object
    Path="C:\Users\admin\Documents\SW\KRBO-01-20\lab1_SoftwareOFRobotics\Logical\Libraries\astime\binary.lby"
    LogicalPath="Libraries.astime"
    Type="Library"
    LastWriteTime="133386433292954937" />
  <Object
    Path="C:\Users\admin\Documents\SW\KRBO-01-20\lab1_SoftwareOFRobotics\Logical\Libraries\astime\astime.fun"
    LogicalPath="Libraries.astime.astime.fun"
    Type="File"
    LastWriteTime="133386433292954937"
    Private="false" />
  <Object
    Path="C:\Users\admin\Documents\SW\KRBO-01-20\lab1_SoftwareOFRobotics\Logical\Libraries\astime\astime.typ"
    LogicalPath="Libraries.astime.astime.typ"
    Type="File"
    LastWriteTime="133386433292954937"
    Private="false" />
  <Object
    Path="C:\Users\admin\Documents\SW\KRBO-01-20\lab1_SoftwareOFRobotics\Logical\Libraries\astime\astime.var"
    LogicalPath="Libraries.astime.astime.var"
    Type="File"
    LastWriteTime="133386433292954937"
    Private="false" />
  <Object
    Path="C:\Users\admin\Documents\SW\KRBO-01-20\lab1_SoftwareOFRobotics\Logical\Libraries\AsIecCon\binary.lby"
    LogicalPath="Libraries.AsIecCon"
    Type="Library"
    LastWriteTime="133386433296274999" />
  <Object
    Path="C:\Users\admin\Documents\SW\KRBO-01-20\lab1_SoftwareOFRobotics\Logical\Libraries\AsIecCon\AsIecCon.fun"
    LogicalPath="Libraries.AsIecCon.AsIecCon.fun"
    Type="File"
    LastWriteTime="133386433296274999"
    Private="false" />
  <Object
    Path="C:\Users\admin\Documents\SW\KRBO-01-20\lab1_SoftwareOFRobotics\Logical\Libraries\AsIecCon\AsIecCon.typ"
    LogicalPath="Libraries.AsIecCon.AsIecCon.typ"
    Type="File"
    LastWriteTime="133386433296274999"
    Private="false" />
  <Object
    Path="C:\Users\admin\Documents\SW\KRBO-01-20\lab1_SoftwareOFRobotics\Logical\Libraries\AsIecCon\AsIecCon.var"
    LogicalPath="Libraries.AsIecCon.AsIecCon.var"
    Type="File"
    LastWriteTime="133386433296274999"
    Private="false" />
  <Object
    Path="C:\Users\admin\Documents\SW\KRBO-01-20\lab1_SoftwareOFRobotics\Logical\Libraries\Library\ANSIC.lby"
    LogicalPath="Libraries.Library"
    Type="Library"
    LastWriteTime="133398507096092457" />
  <Object
    Path="C:\Users\admin\Documents\SW\KRBO-01-20\lab1_SoftwareOFRobotics\Logical\Libraries\Library\Types.typ"
    LogicalPath="Libraries.Library.Types.typ"
    Type="File"
    LastWriteTime="133386443868916189"
    Private="false" />
  <Object
    Path="C:\Users\admin\Documents\SW\KRBO-01-20\lab1_SoftwareOFRobotics\Logical\Libraries\Library\Constants.var"
    LogicalPath="Libraries.Library.Constants.var"
    Type="File"
    LastWriteTime="133410624462258372"
    Private="false" />
  <Object
    Path="C:\Users\admin\Documents\SW\KRBO-01-20\lab1_SoftwareOFRobotics\Logical\Libraries\Library\Library.fun"
    LogicalPath="Libraries.Library.Library.fun"
    Type="File"
    LastWriteTime="133410613741312392"
    Private="false" />
  <Object
    Path="C:\Users\admin\Documents\SW\KRBO-01-20\lab1_SoftwareOFRobotics\Logical\Libraries\Library\FB_motor.c"
    LogicalPath="Libraries.Library.FB_motor.c"
    Type="File"
    LastWriteTime="133410613715072237"
    Private="false" />
  <Object
    Path="C:\Users\admin\Documents\SW\KRBO-01-20\lab1_SoftwareOFRobotics\Logical\Libraries\Library\FB_Integrator.c"
    LogicalPath="Libraries.Library.FB_Integrator.c"
    Type="File"
    LastWriteTime="133410624388896657"
    Private="false" />
  <Object
    Path="C:\Users\admin\Documents\SW\KRBO-01-20\lab1_SoftwareOFRobotics\Logical\Libraries\Library\FB_Controller.c"
    LogicalPath="Libraries.Library.FB_Controller.c"
    Type="File"
    LastWriteTime="133410629079504523"
    Private="false" />
  <Object
    Path="C:\Users\admin\Documents\SW\KRBO-01-20\lab1_SoftwareOFRobotics\Logical\Program\ANSIC.prg"
    LogicalPath="Program"
    Type="Program"
    LastWriteTime="133386444371852078" />
  <Object
    Path="C:\Users\admin\Documents\SW\KRBO-01-20\lab1_SoftwareOFRobotics\Logical\Program\Main.c"
    LogicalPath="Program.Main.c"
    Type="File"
    LastWriteTime="133438403639274494"
    Private="false" />
  <Object
    Path="C:\Users\admin\Documents\SW\KRBO-01-20\lab1_SoftwareOFRobotics\Logical\Program\Types.typ"
    LogicalPath="Program.Types.typ"
    Type="File"
    LastWriteTime="133386444371812186"
    Private="true" />
  <Object
    Path="C:\Users\admin\Documents\SW\KRBO-01-20\lab1_SoftwareOFRobotics\Logical\Program\Variables.var"
    LogicalPath="Program.Variables.var"
    Type="File"
    LastWriteTime="133438375121182351"
    Private="true" />
  <Object
    Path="C:\Users\admin\Documents\SW\KRBO-01-20\lab1_SoftwareOFRobotics\Physical\Config1\Config.pkg"
    LogicalPath="Config1"
    Type="Configuration.ParentUnknown"
    LastWriteTime="133386433333491377" />
  <Object
    Path="C:\Users\admin\Documents\SW\KRBO-01-20\lab1_SoftwareOFRobotics\Physical\Config1\Hardware.hw"
    LogicalPath="Config1.Hardware.hw"
    Type="File"
    LastWriteTime="133402119113821276"
    Private="false" />
  <Object
    Path="C:\Users\admin\Documents\SW\KRBO-01-20\lab1_SoftwareOFRobotics\Physical\Config1\Hardware.hwl"
    LogicalPath="Config1.Hardware.hwl"
    Type="File"
    LastWriteTime="133386442613337750"
    Private="false" />
  <Object
    Path="C:\Users\admin\Documents\SW\KRBO-01-20\lab1_SoftwareOFRobotics\Physical\Config1\4PP065_0571_P74\Cpu.pkg"
    LogicalPath="Config1.4PP065_0571_P74"
    Type="Cpu"
    LastWriteTime="133386433303951988" />
  <Object
    Path="C:\Users\admin\Documents\SW\KRBO-01-20\lab1_SoftwareOFRobotics\Physical\Config1\4PP065_0571_P74\Cpu.sw"
    LogicalPath="Config1.4PP065_0571_P74.Cpu.sw"
    Type="File"
    LastWriteTime="133402099635526398"
    Private="false" />
  <Object
    Path="C:\Users\admin\Documents\SW\KRBO-01-20\lab1_SoftwareOFRobotics\Physical\Config1\4PP065_0571_P74\Cpu.per"
    LogicalPath="Config1.4PP065_0571_P74.Cpu.per"
    Type="File"
    LastWriteTime="133386433301256677"
    Private="false" />
  <Object
    Path="C:\Users\admin\Documents\SW\KRBO-01-20\lab1_SoftwareOFRobotics\Physical\Config1\4PP065_0571_P74\IoMap.iom"
    LogicalPath="Config1.4PP065_0571_P74.IoMap.iom"
    Type="File"
    LastWriteTime="133386433301256677"
    Private="false" />
  <Object
    Path="C:\Users\admin\Documents\SW\KRBO-01-20\lab1_SoftwareOFRobotics\Physical\Config1\4PP065_0571_P74\PvMap.vvm"
    LogicalPath="Config1.4PP065_0571_P74.PvMap.vvm"
    Type="File"
    LastWriteTime="133386433301412892"
    Private="false" />
  <Object
    Path="C:\Users\admin\Documents\SW\KRBO-01-20\lab1_SoftwareOFRobotics\Physical\Config1\4PP065_0571_P74\Connectivity\Package.pkg"
    LogicalPath="Config1.4PP065_0571_P74.Connectivity"
    Type="Package"
    LastWriteTime="133386433302637456" />
  <Object
    Path="C:\Users\admin\Documents\SW\KRBO-01-20\lab1_SoftwareOFRobotics\Physical\Config1\4PP065_0571_P74\Connectivity\OpcUA\Package.pkg"
    LogicalPath="Config1.4PP065_0571_P74.Connectivity.OpcUA"
    Type="Package"
    LastWriteTime="133386433302637456" />
  <Object
    Path="C:\Users\admin\Documents\SW\KRBO-01-20\lab1_SoftwareOFRobotics\Physical\Config1\4PP065_0571_P74\TextSystem\Package.pkg"
    LogicalPath="Config1.4PP065_0571_P74.TextSystem"
    Type="Package"
    LastWriteTime="133386433302637456" />
  <Object
    Path="C:\Users\admin\Documents\SW\KRBO-01-20\lab1_SoftwareOFRobotics\Physical\Config1\4PP065_0571_P74\UnitSystem\Package.pkg"
    LogicalPath="Config1.4PP065_0571_P74.UnitSystem"
    Type="Package"
    LastWriteTime="133386433302793389" />
  <Object
    Path="C:\Users\admin\Documents\SW\KRBO-01-20\lab1_SoftwareOFRobotics\Physical\Config1\4PP065_0571_P74\AccessAndSecurity\Package.pkg"
    LogicalPath="Config1.4PP065_0571_P74.AccessAndSecurity"
    Type="Package"
    LastWriteTime="133386433303483301" />
  <Object
    Path="C:\Users\admin\Documents\SW\KRBO-01-20\lab1_SoftwareOFRobotics\Physical\Config1\4PP065_0571_P74\AccessAndSecurity\UserRoleSystem\Package.pkg"
    LogicalPath="Config1.4PP065_0571_P74.AccessAndSecurity.UserRoleSystem"
    Type="Package"
    LastWriteTime="133386433302949904" />
  <Object
    Path="C:\Users\admin\Documents\SW\KRBO-01-20\lab1_SoftwareOFRobotics\Physical\Config1\4PP065_0571_P74\AccessAndSecurity\UserRoleSystem\Role.role"
    LogicalPath="Config1.4PP065_0571_P74.AccessAndSecurity.UserRoleSystem.Role.role"
    Type="File"
    LastWriteTime="133386433302949904"
    Private="false" />
  <Object
    Path="C:\Users\admin\Documents\SW\KRBO-01-20\lab1_SoftwareOFRobotics\Physical\Config1\4PP065_0571_P74\AccessAndSecurity\UserRoleSystem\User.user"
    LogicalPath="Config1.4PP065_0571_P74.AccessAndSecurity.UserRoleSystem.User.user"
    Type="File"
    LastWriteTime="133386433302949904"
    Private="false" />
  <Object
    Path="C:\Users\admin\Documents\SW\KRBO-01-20\lab1_SoftwareOFRobotics\Physical\Config1\4PP065_0571_P74\AccessAndSecurity\CertificateStore\Package.pkg"
    LogicalPath="Config1.4PP065_0571_P74.AccessAndSecurity.CertificateStore"
    Type="Package"
    LastWriteTime="133386433303418243" />
  <Object
    Path="C:\Users\admin\Documents\SW\KRBO-01-20\lab1_SoftwareOFRobotics\Physical\Config1\4PP065_0571_P74\AccessAndSecurity\CertificateStore\OwnCertificates\Package.pkg"
    LogicalPath="Config1.4PP065_0571_P74.AccessAndSecurity.CertificateStore.OwnCertificates"
    Type="Package"
    LastWriteTime="133386433303106106" />
  <Object
    Path="C:\Users\admin\Documents\SW\KRBO-01-20\lab1_SoftwareOFRobotics\Physical\Config1\4PP065_0571_P74\AccessAndSecurity\CertificateStore\OwnCertificates\Certificates\Package.pkg"
    LogicalPath="Config1.4PP065_0571_P74.AccessAndSecurity.CertificateStore.OwnCertificates.Certificates"
    Type="Package"
    LastWriteTime="133386433303106106" />
  <Object
    Path="C:\Users\admin\Documents\SW\KRBO-01-20\lab1_SoftwareOFRobotics\Physical\Config1\4PP065_0571_P74\AccessAndSecurity\CertificateStore\OwnCertificates\PrivateKeys\Package.pkg"
    LogicalPath="Config1.4PP065_0571_P74.AccessAndSecurity.CertificateStore.OwnCertificates.PrivateKeys"
    Type="Package"
    LastWriteTime="133386433303106106" />
  <Object
    Path="C:\Users\admin\Documents\SW\KRBO-01-20\lab1_SoftwareOFRobotics\Physical\Config1\4PP065_0571_P74\AccessAndSecurity\CertificateStore\ThirdPartyCertificates\Package.pkg"
    LogicalPath="Config1.4PP065_0571_P74.AccessAndSecurity.CertificateStore.ThirdPartyCertificates"
    Type="Package"
    LastWriteTime="133386433303262029" />
  <Object
    Path="C:\Users\admin\Documents\SW\KRBO-01-20\lab1_SoftwareOFRobotics\Physical\Config1\4PP065_0571_P74\AccessAndSecurity\CertificateStore\ThirdPartyCertificates\SoftwareCertificates\Package.pkg"
    LogicalPath="Config1.4PP065_0571_P74.AccessAndSecurity.CertificateStore.ThirdPartyCertificates.SoftwareCertificates"
    Type="Package"
    LastWriteTime="133386433303262029" />
  <Object
    Path="C:\Users\admin\Documents\SW\KRBO-01-20\lab1_SoftwareOFRobotics\Physical\Config1\4PP065_0571_P74\AccessAndSecurity\CertificateStore\CertificateRevocationLists\Package.pkg"
    LogicalPath="Config1.4PP065_0571_P74.AccessAndSecurity.CertificateStore.CertificateRevocationLists"
    Type="Package"
    LastWriteTime="133386433303262029" />
  <Object
    Path="C:\Users\admin\Documents\SW\KRBO-01-20\lab1_SoftwareOFRobotics\Physical\Config1\4PP065_0571_P74\AccessAndSecurity\CertificateStore\CertificateSigningRequests\Package.pkg"
    LogicalPath="Config1.4PP065_0571_P74.AccessAndSecurity.CertificateStore.CertificateSigningRequests"
    Type="Package"
    LastWriteTime="133386433303418243" />
  <Object
    Path="C:\Users\admin\Documents\SW\KRBO-01-20\lab1_SoftwareOFRobotics\Physical\Config1\4PP065_0571_P74\AccessAndSecurity\TransportLayerSecurity\Package.pkg"
    LogicalPath="Config1.4PP065_0571_P74.AccessAndSecurity.TransportLayerSecurity"
    Type="Package"
    LastWriteTime="133386433303418243" />
  <Object
    Path="C:\Users\admin\Documents\SW\KRBO-01-20\lab1_SoftwareOFRobotics\Physical\Config1\4PP065_0571_P74\mappControl\Package.pkg"
    LogicalPath="Config1.4PP065_0571_P74.mappControl"
    Type="Package"
    LastWriteTime="133386433303639566" />
  <Object
    Path="C:\Users\admin\Documents\SW\KRBO-01-20\lab1_SoftwareOFRobotics\Physical\Config1\4PP065_0571_P74\mappMotion\Package.pkg"
    LogicalPath="Config1.4PP065_0571_P74.mappMotion"
    Type="Package"
    LastWriteTime="133386433303639566" />
  <Object
    Path="C:\Users\admin\Documents\SW\KRBO-01-20\lab1_SoftwareOFRobotics\Physical\Config1\4PP065_0571_P74\mappServices\Package.pkg"
    LogicalPath="Config1.4PP065_0571_P74.mappServices"
    Type="Package"
    LastWriteTime="133386433303795774" />
  <Object
    Path="C:\Users\admin\Documents\SW\KRBO-01-20\lab1_SoftwareOFRobotics\Physical\Config1\4PP065_0571_P74\mappView\Package.pkg"
    LogicalPath="Config1.4PP065_0571_P74.mappView"
    Type="Package"
    LastWriteTime="133386433303795774" />
  <Object
    Path="C:\Users\admin\Documents\SW\KRBO-01-20\lab1_SoftwareOFRobotics\Physical\Config1\4PP065_0571_P74\mappCockpit\Package.pkg"
    LogicalPath="Config1.4PP065_0571_P74.mappCockpit"
    Type="Package"
    LastWriteTime="133386433303951988" />
  <Object
    Path="C:\Users\admin\Documents\SW\KRBO-01-20\lab1_SoftwareOFRobotics\Physical\Config1\Hardware.jpg"
    LogicalPath="Config1.Hardware.jpg"
    Type="File"
    LastWriteTime="133438403639547182"
    Private="false" />
</Objects>